  #Not ( #Exists _0 . #Exists S . #Ceil ( S
    SetItem ( _0 ) )
  #And
    {
      keys ( _M )
    #Equals
      S
      SetItem ( _0 )
    } )
#And
  #Not ( {
    .Set
  #Equals
    keys ( _M )
  } )
#And
  <k>
    b ( keys ( _M ) ) ~> _DotVar1 ~> .
  </k>
