  #Ceil ( #lookup ( 3 |-> success , 3 ) )
#And
  <T>
    <k>
      #lookup ( 3 |-> success , 3 ) ~> .
    </k>
    <a>
      3 |-> success
    </a>
  </T>
