{"error":{"code":-32002,"message":"Could not parse KORE pattern"},"jsonrpc":"2.0","id":1}
